// Jest Snapshot v1, https://goo.gl/fbAQLP

exports[`NativeShellWebView should render correctly 1`] = `
<View
  onLayout={[Function]}
  showsHorizontalScrollIndicator={false}
  showsVerticalScrollIndicator={false}
  style={
    {
      "flex": 1,
      "height": "100%",
    }
  }
>
  <RCTRefreshControl />
  <View
    allowsInlineMediaPlayback={true}
    decelerationRate="normal"
    injectedJavaScriptBeforeContentLoaded="
window.ExpoAppInfo = {
	appName: 'Jellyfin iOS',
	appVersion: 'mock',
	deviceId: 'undefined',
	deviceName: 'Test Device'
};

window.ExpoAppSettings = {
	isPluginSupported: true,
	isNativeVideoPlayerEnabled: undefined,
	isExperimentalNativeAudioPlayerEnabled: undefined
};

window.ExpoVideoProfile = {};

function postExpoEvent(event, data) {
	window.ReactNativeWebView.postMessage(JSON.stringify({
		event: event,
		data: data
	}));
}








window.onerror = console.error;

true;
"
    mediaPlaybackRequiresUserAction={false}
    onMessage={[Function]}
    onScroll={[Function]}
    originWhitelist={
      [
        "*",
      ]
    }
    showsHorizontalScrollIndicator={false}
    showsVerticalScrollIndicator={false}
    source={
      {
        "uri": undefined,
      }
    }
    style={
      {
        "flex": 1,
        "height": 1334,
      }
    }
  />
</View>
`;
