// Jest Snapshot v1, https://goo.gl/fbAQLP

exports[`RefreshWebView should render 1`] = `
<View
  onLayout={[Function]}
  showsHorizontalScrollIndicator={false}
  showsVerticalScrollIndicator={false}
  style={
    {
      "flex": 1,
      "height": "100%",
    }
  }
>
  <RCTRefreshControl />
  <View
    onScroll={[Function]}
    style={
      {
        "flex": 1,
        "height": 1334,
      }
    }
  />
</View>
`;
