// Jest Snapshot v1, https://goo.gl/fbAQLP

exports[`VideoPlayer should render correctly 1`] = `
<View
  allowsPictureInPicture={true}
  nativeControls={true}
  onFullscreenEnter={[Function]}
  onFullscreenExit={[Function]}
  player={
    {
      "addListener": [MockFunction] {
        "calls": [
          [
            "statusChange",
            [Function],
          ],
          [
            "playingChange",
            [Function],
          ],
          [
            "timeUpdate",
            [Function],
          ],
          [
            "playToEnd",
            [Function],
          ],
        ],
        "results": [
          {
            "type": "return",
            "value": {
              "remove": [MockFunction],
            },
          },
          {
            "type": "return",
            "value": {
              "remove": [MockFunction],
            },
          },
          {
            "type": "return",
            "value": {
              "remove": [MockFunction],
            },
          },
          {
            "type": "return",
            "value": {
              "remove": [MockFunction],
            },
          },
        ],
      },
      "currentTime": 0,
      "pause": [MockFunction],
      "play": [MockFunction],
      "replace": [MockFunction],
      "showNowPlayingNotification": true,
      "timeUpdateEventInterval": 1,
    }
  }
  style={
    {
      "height": 1,
      "opacity": 0,
      "position": "absolute",
      "width": 1,
    }
  }
/>
`;
